latexml (LaTeXML version 0.8.8) processing /source/untitled-1778616544220.tex
(Digesting TeX untitled-1778616544220...
(Loading /usr/local/share/perl/5.38.2/LaTeXML/Package/TeX.pool.ltxml...
(Loading /usr/local/share/perl/5.38.2/LaTeXML/Package/eTeX.pool.ltxml... 0.00 sec)
(Loading /usr/local/share/perl/5.38.2/LaTeXML/Package/pdfTeX.pool.ltxml... 0.00 sec) 0.10 sec)
(Processing content /source/untitled-1778616544220.tex...
(Loading /usr/local/share/perl/5.38.2/LaTeXML/Package/LaTeX.pool.ltxml...
(Loading /usr/local/share/perl/5.38.2/LaTeXML/Package/textcomp.sty.ltxml...
(Processing definitions /usr/local/texlive/2026/texmf-dist/tex/latex/base/ts1enc.dfu... 0.01 sec) 0.40 sec) 0.54 sec)
(Loading /usr/local/share/perl/5.38.2/LaTeXML/Package/article.cls.ltxml... 0.01 sec)
(Loading /usr/local/share/perl/5.38.2/LaTeXML/Package/inputenc.sty.ltxml...
(Loading /usr/local/share/perl/5.38.2/LaTeXML/Package/utf8.def.ltxml... 0.00 sec) 0.01 sec)
(Loading /usr/local/share/perl/5.38.2/LaTeXML/Package/fontenc.sty.ltxml...
(Loading /usr/local/share/perl/5.38.2/LaTeXML/Package/t1enc.def.ltxml...
(Processing definitions /usr/local/texlive/2026/texmf-dist/tex/latex/base/t1enc.def...
(Processing definitions /usr/local/texlive/2026/texmf-dist/tex/latex/base/t1enc.dfu... 0.03 sec)
(Loading /usr/local/share/perl/5.38.2/LaTeXML/Package/t1.fontmap.ltxml... 0.00 sec) 0.07 sec) 0.07 sec) 0.08 sec)
(Loading /usr/local/share/perl/5.38.2/LaTeXML/Package/amsmath.sty.ltxml...
(Loading /usr/local/share/perl/5.38.2/LaTeXML/Package/amsbsy.sty.ltxml...
(Loading /usr/local/share/perl/5.38.2/LaTeXML/Package/amsgen.sty.ltxml... 0.00 sec) 0.01 sec)
(Loading /usr/local/share/perl/5.38.2/LaTeXML/Package/amstext.sty.ltxml... 0.00 sec)
(Loading /usr/local/share/perl/5.38.2/LaTeXML/Package/amsopn.sty.ltxml... 0.00 sec) 0.04 sec)
(Loading /usr/local/share/perl/5.38.2/LaTeXML/Package/amssymb.sty.ltxml...
(Loading /usr/local/share/perl/5.38.2/LaTeXML/Package/amsfonts.sty.ltxml... 0.00 sec) 0.01 sec)
(Loading /usr/local/share/perl/5.38.2/LaTeXML/Package/amsthm.sty.ltxml... 0.01 sec)
(Loading /usr/local/share/perl/5.38.2/LaTeXML/Package/physics.sty.ltxml... 0.02 sec)
(Loading /usr/local/share/perl/5.38.2/LaTeXML/Package/siunitx.sty.ltxml...
(Loading /usr/local/share/perl/5.38.2/LaTeXML/Package/expl3.sty.ltxml...
(Loading /usr/local/share/perl/5.38.2/LaTeXML/Package/expl3.lua.ltxml... 0.00 sec)
(Processing definitions /usr/local/texlive/2026/texmf-dist/tex/latex/l3kernel/expl3.sty...
(Processing definitions /usr/local/texlive/2026/texmf-dist/tex/latex/l3kernel/expl3-code.tex...
Package: expl3
Error:expected:Match:? Missing argument Match:? for Core::Definition::Expandable[\??? Match:?] at expl3-code.tex; line 35568 col 0
Error:expected:Match:? Missing argument Match:? for Core::Definition::Expandable[\??? Match:?] at expl3-code.tex; line 35568 col 0
Fatal:terminate:terminated Conversion was terminated
	at expl3-code.tex; line 35568 col 0 - line 35568 col 3
	TERM
	In Core::Definition::Expandable[\exp_arg... /usr/local/texlive/2026/texmf-dist/tex/latex/l3kernel/expl3-code.tex; from line 2530 col 0 to line 2530 col 72
	 <= Core::Gullet[@0x55772433fb00] <= Core::Stomach[@0x55772433fd28] <= Core::Gullet[@0x55772433fb00] <= Core::Definition::Expandable[\input T... <= Core::Gullet[@0x55772433fb00] <= Core::Definition::Constructor[\usepac... <= Core::Stomach[@0x55772433fd28]
Conversion failed: 2 errors; 1 fatal error (See /source/untitled-1778616544220.latexml.log) (reqd. 4m 59.70s)
