Rc files read:
  NONE
Latexmk: This is Latexmk, John Collins, 15 June 2025. Version 4.87.
No existing .aux file, so I'll make a simple one, and require run of *latex.
Latexmk: applying rule 'lualatex'...
Rule 'lualatex':  Reasons for rerun
Category 'other':
  Rerun of 'lualatex' forced or previously required:
    Reason or flag: 'Initial setup'

------------
Run number 1 of rule 'lualatex'
------------
------------
Running 'lualatex  -synctex=1 -interaction=nonstopmode -halt-on-error -recorder -output-directory="/tmp/pipeline/4-calculus-derivatives-1774289926868/pdf"  "/source/4-calculus-derivatives-1774289926868.tex"'
------------
This is LuaHBTeX, Version 1.24.0 (TeX Live 2026) 
 restricted system commands enabled.
(/source/4-calculus-derivatives-1774289926868.tex
LaTeX2e <2025-11-01>
L3 programming layer <2026-01-19>
 (/usr/local/texlive/2026/texmf-dist/tex/latex/base/article.cls
Document Class: article 2025/01/22 v1.4n Standard LaTeX document class
(/usr/local/texlive/2026/texmf-dist/tex/latex/base/size10.clo
luaotfload | db : Font names database not found, generating new one.
luaotfload | db : This can take several minutes; please be patient.))
(/usr/local/texlive/2026/texmf-dist/tex/latex/amsmath/amsmath.sty
For additional information on amsmath, use the `?' option.
(/usr/local/texlive/2026/texmf-dist/tex/latex/amsmath/amstext.sty
(/usr/local/texlive/2026/texmf-dist/tex/latex/amsmath/amsgen.sty))
(/usr/local/texlive/2026/texmf-dist/tex/latex/amsmath/amsbsy.sty)
(/usr/local/texlive/2026/texmf-dist/tex/latex/amsmath/amsopn.sty))
(/usr/local/texlive/2026/texmf-dist/tex/latex/amsfonts/amssymb.sty
(/usr/local/texlive/2026/texmf-dist/tex/latex/amsfonts/amsfonts.sty))
(/usr/local/texlive/2026/texmf-dist/tex/latex/enumitem/enumitem.sty)
(/usr/local/texlive/2026/texmf-dist/tex/latex/geometry/geometry.sty
(/usr/local/texlive/2026/texmf-dist/tex/latex/graphics/keyval.sty)
(/usr/local/texlive/2026/texmf-dist/tex/generic/iftex/ifvtex.sty
(/usr/local/texlive/2026/texmf-dist/tex/generic/iftex/iftex.sty)))
(/usr/local/texlive/2026/texmf-dist/tex/latex/xcolor/xcolor.sty
(/usr/local/texlive/2026/texmf-dist/tex/latex/graphics-cfg/color.cfg)
(/usr/local/texlive/2026/texmf-dist/tex/latex/graphics-def/luatex.def)
(/usr/local/texlive/2026/texmf-dist/tex/latex/graphics/mathcolor.ltx))
(/usr/local/texlive/2026/texmf-dist/tex/latex/l3backend/l3backend-luatex.def)
(/tmp/pipeline/4-calculus-derivatives-1774289926868/pdf/4-calculus-derivatives-
1774289926868.aux)
*geometry* driver: auto-detecting
*geometry* detected driver: luatex
(/usr/local/texlive/2026/texmf-dist/tex/context/base/mkii/supp-pdf.mkii
[Loading MPS to PDF converter (version 2006.09.02).]
) (/usr/local/texlive/2026/texmf-dist/tex/latex/amsfonts/umsa.fd)
(/usr/local/texlive/2026/texmf-dist/tex/latex/amsfonts/umsb.fd) [1{/usr/local/t
exlive/2026/texmf-var/fonts/map/pdftex/updmap/pdftex.map}]
(/tmp/pipeline/4-calculus-derivatives-1774289926868/pdf/4-calculus-derivatives-
1774289926868.aux))
 484 words of node memory still in use:
   6 hlist, 2 vlist, 2 rule, 2 glue, 4 kern, 1 glyph, 6 attribute, 52 glue_spec
, 6 attribute_list, 1 write nodes
   avail lists: 2:402,3:196,4:74,5:130,6:38,7:2314,8:19,9:268,10:4,11:108
</usr/local/texlive/2026/texmf-dist/fonts/opentype/public/lm/lmroman10-regular.
otf></usr/local/texlive/2026/texmf-dist/fonts/opentype/public/lm/lmroman12-bold
.otf></usr/local/texlive/2026/texmf-dist/fonts/opentype/public/lm/lmroman12-reg
ular.otf></usr/local/texlive/2026/texmf-dist/fonts/opentype/public/lm/lmroman17
-regular.otf></usr/local/texlive/2026/texmf-dist/fonts/type1/public/amsfonts/cm
/cmmi10.pfb></usr/local/texlive/2026/texmf-dist/fonts/type1/public/amsfonts/cm/
cmmi5.pfb></usr/local/texlive/2026/texmf-dist/fonts/type1/public/amsfonts/cm/cm
mi7.pfb></usr/local/texlive/2026/texmf-dist/fonts/type1/public/amsfonts/cm/cmr1
0.pfb></usr/local/texlive/2026/texmf-dist/fonts/type1/public/amsfonts/cm/cmr7.p
fb></usr/local/texlive/2026/texmf-dist/fonts/type1/public/amsfonts/cm/cmsy10.pf
b>
Output written on 4-calculus-derivatives-1774289926868.pdf (1 page, 68964 bytes
).
SyncTeX written on 4-calculus-derivatives-1774289926868.synctex.gz.
Transcript written on 4-calculus-derivatives-1774289926868.log.
Latexmk: Getting log file '/tmp/pipeline/4-calculus-derivatives-1774289926868/pdf/4-calculus-derivatives-1774289926868.log'
Latexmk: Examining '/tmp/pipeline/4-calculus-derivatives-1774289926868/pdf/4-calculus-derivatives-1774289926868.fls'
Latexmk: Examining '/tmp/pipeline/4-calculus-derivatives-1774289926868/pdf/4-calculus-derivatives-1774289926868.log'
Latexmk: Log file says output to '4-calculus-derivatives-1774289926868.pdf'
Latexmk: Log file says output to '4-calculus-derivatives-1774289926868.pdf'
Latexmk: Using bibtex to make bibliography file(s).
Latexmk: applying rule 'lualatex'...
Rule 'lualatex':  Reasons for rerun
Changed files or newly in use/created:
  /usr/local/texlive/2026/texmf-var/luatex-cache/generic/fonts/otl/lmroman10-regular.lua
  /usr/local/texlive/2026/texmf-var/luatex-cache/generic/fonts/otl/lmroman12-bold.lua
  /usr/local/texlive/2026/texmf-var/luatex-cache/generic/fonts/otl/lmroman12-regular.lua
  /usr/local/texlive/2026/texmf-var/luatex-cache/generic/fonts/otl/lmroman17-regular.lua

------------
Run number 2 of rule 'lualatex'
------------
------------
Running 'lualatex  -synctex=1 -interaction=nonstopmode -halt-on-error -recorder -output-directory="/tmp/pipeline/4-calculus-derivatives-1774289926868/pdf"  "/source/4-calculus-derivatives-1774289926868.tex"'
------------
This is LuaHBTeX, Version 1.24.0 (TeX Live 2026) 
 restricted system commands enabled.
(/source/4-calculus-derivatives-1774289926868.tex
LaTeX2e <2025-11-01>
L3 programming layer <2026-01-19>
 (/usr/local/texlive/2026/texmf-dist/tex/latex/base/article.cls
Document Class: article 2025/01/22 v1.4n Standard LaTeX document class
(/usr/local/texlive/2026/texmf-dist/tex/latex/base/size10.clo))
(/usr/local/texlive/2026/texmf-dist/tex/latex/amsmath/amsmath.sty
For additional information on amsmath, use the `?' option.
(/usr/local/texlive/2026/texmf-dist/tex/latex/amsmath/amstext.sty
(/usr/local/texlive/2026/texmf-dist/tex/latex/amsmath/amsgen.sty))
(/usr/local/texlive/2026/texmf-dist/tex/latex/amsmath/amsbsy.sty)
(/usr/local/texlive/2026/texmf-dist/tex/latex/amsmath/amsopn.sty))
(/usr/local/texlive/2026/texmf-dist/tex/latex/amsfonts/amssymb.sty
(/usr/local/texlive/2026/texmf-dist/tex/latex/amsfonts/amsfonts.sty))
(/usr/local/texlive/2026/texmf-dist/tex/latex/enumitem/enumitem.sty)
(/usr/local/texlive/2026/texmf-dist/tex/latex/geometry/geometry.sty
(/usr/local/texlive/2026/texmf-dist/tex/latex/graphics/keyval.sty)
(/usr/local/texlive/2026/texmf-dist/tex/generic/iftex/ifvtex.sty
(/usr/local/texlive/2026/texmf-dist/tex/generic/iftex/iftex.sty)))
(/usr/local/texlive/2026/texmf-dist/tex/latex/xcolor/xcolor.sty
(/usr/local/texlive/2026/texmf-dist/tex/latex/graphics-cfg/color.cfg)
(/usr/local/texlive/2026/texmf-dist/tex/latex/graphics-def/luatex.def)
(/usr/local/texlive/2026/texmf-dist/tex/latex/graphics/mathcolor.ltx))
(/usr/local/texlive/2026/texmf-dist/tex/latex/l3backend/l3backend-luatex.def)
(/tmp/pipeline/4-calculus-derivatives-1774289926868/pdf/4-calculus-derivatives-
1774289926868.aux)
*geometry* driver: auto-detecting
*geometry* detected driver: luatex
(/usr/local/texlive/2026/texmf-dist/tex/context/base/mkii/supp-pdf.mkii
[Loading MPS to PDF converter (version 2006.09.02).]
) (/usr/local/texlive/2026/texmf-dist/tex/latex/amsfonts/umsa.fd)
(/usr/local/texlive/2026/texmf-dist/tex/latex/amsfonts/umsb.fd) [1{/usr/local/t
exlive/2026/texmf-var/fonts/map/pdftex/updmap/pdftex.map}]
(/tmp/pipeline/4-calculus-derivatives-1774289926868/pdf/4-calculus-derivatives-
1774289926868.aux))
 484 words of node memory still in use:
   6 hlist, 2 vlist, 2 rule, 2 glue, 4 kern, 1 glyph, 6 attribute, 52 glue_spec
, 6 attribute_list, 1 write nodes
   avail lists: 2:402,3:196,4:74,5:130,6:38,7:2314,8:19,9:268,10:4,11:108
</usr/local/texlive/2026/texmf-dist/fonts/opentype/public/lm/lmroman10-regular.
otf></usr/local/texlive/2026/texmf-dist/fonts/opentype/public/lm/lmroman12-bold
.otf></usr/local/texlive/2026/texmf-dist/fonts/opentype/public/lm/lmroman12-reg
ular.otf></usr/local/texlive/2026/texmf-dist/fonts/opentype/public/lm/lmroman17
-regular.otf></usr/local/texlive/2026/texmf-dist/fonts/type1/public/amsfonts/cm
/cmmi10.pfb></usr/local/texlive/2026/texmf-dist/fonts/type1/public/amsfonts/cm/
cmmi5.pfb></usr/local/texlive/2026/texmf-dist/fonts/type1/public/amsfonts/cm/cm
mi7.pfb></usr/local/texlive/2026/texmf-dist/fonts/type1/public/amsfonts/cm/cmr1
0.pfb></usr/local/texlive/2026/texmf-dist/fonts/type1/public/amsfonts/cm/cmr7.p
fb></usr/local/texlive/2026/texmf-dist/fonts/type1/public/amsfonts/cm/cmsy10.pf
b>
Output written on 4-calculus-derivatives-1774289926868.pdf (1 page, 68964 bytes
).
SyncTeX written on 4-calculus-derivatives-1774289926868.synctex.gz.
Transcript written on 4-calculus-derivatives-1774289926868.log.
Latexmk: Getting log file '/tmp/pipeline/4-calculus-derivatives-1774289926868/pdf/4-calculus-derivatives-1774289926868.log'
Latexmk: Examining '/tmp/pipeline/4-calculus-derivatives-1774289926868/pdf/4-calculus-derivatives-1774289926868.fls'
Latexmk: Examining '/tmp/pipeline/4-calculus-derivatives-1774289926868/pdf/4-calculus-derivatives-1774289926868.log'
Latexmk: Log file says output to '4-calculus-derivatives-1774289926868.pdf'
Latexmk: Log file says output to '4-calculus-derivatives-1774289926868.pdf'
Latexmk: Using bibtex to make bibliography file(s).
Latexmk: All targets (/tmp/pipeline/4-calculus-derivatives-1774289926868/pdf/4-calculus-derivatives-1774289926868.pdf) are up-to-date

