latexml (LaTeXML version 0.8.8) processing /source/4-calculus-derivatives-1774149678045.tex
(Digesting TeX 4-calculus-derivatives-1774149678045...
(Loading /usr/local/share/perl/5.38.2/LaTeXML/Package/TeX.pool.ltxml...
(Loading /usr/local/share/perl/5.38.2/LaTeXML/Package/eTeX.pool.ltxml... 0.00 sec)
(Loading /usr/local/share/perl/5.38.2/LaTeXML/Package/pdfTeX.pool.ltxml... 0.01 sec) 0.11 sec)
(Processing content /source/4-calculus-derivatives-1774149678045.tex...
(Loading /usr/local/share/perl/5.38.2/LaTeXML/Package/LaTeX.pool.ltxml...
(Loading /usr/local/share/perl/5.38.2/LaTeXML/Package/textcomp.sty.ltxml...
(Processing definitions /usr/local/texlive/2026/texmf-dist/tex/latex/base/ts1enc.dfu... 0.02 sec) 0.41 sec) 0.59 sec)
(Loading /usr/local/share/perl/5.38.2/LaTeXML/Package/article.cls.ltxml... 0.01 sec)
(Loading /usr/local/share/perl/5.38.2/LaTeXML/Package/amsmath.sty.ltxml...
(Loading /usr/local/share/perl/5.38.2/LaTeXML/Package/amsbsy.sty.ltxml...
(Loading /usr/local/share/perl/5.38.2/LaTeXML/Package/amsgen.sty.ltxml... 0.00 sec) 0.01 sec)
(Loading /usr/local/share/perl/5.38.2/LaTeXML/Package/amstext.sty.ltxml... 0.00 sec)
(Loading /usr/local/share/perl/5.38.2/LaTeXML/Package/amsopn.sty.ltxml... 0.01 sec) 0.05 sec)
(Loading /usr/local/share/perl/5.38.2/LaTeXML/Package/amssymb.sty.ltxml...
(Loading /usr/local/share/perl/5.38.2/LaTeXML/Package/amsfonts.sty.ltxml... 0.00 sec) 0.01 sec)
(Loading /usr/local/share/perl/5.38.2/LaTeXML/Package/enumitem.sty.ltxml... 0.01 sec)
(Loading /usr/local/share/perl/5.38.2/LaTeXML/Package/geometry.sty.ltxml...
(Loading /usr/local/share/perl/5.38.2/LaTeXML/Package/keyval.sty.ltxml...
(Processing definitions /usr/local/texlive/2026/texmf-dist/tex/latex/graphics/keyval.sty... 0.01 sec) 0.01 sec)
(Loading /usr/local/share/perl/5.38.2/LaTeXML/Package/ifpdf.sty.ltxml... 0.00 sec)
(Loading /usr/local/share/perl/5.38.2/LaTeXML/Package/ifvtex.sty.ltxml...
(Loading /usr/local/share/perl/5.38.2/LaTeXML/Package/iftex.sty.ltxml... 0.00 sec) 0.01 sec)
(Loading /usr/local/share/perl/5.38.2/LaTeXML/Package/ifxetex.sty.ltxml... 0.00 sec) 0.03 sec)
(Loading /usr/local/share/perl/5.38.2/LaTeXML/Package/xcolor.sty.ltxml...
(Loading /usr/local/share/perl/5.38.2/LaTeXML/Package/color.sty.ltxml... 0.01 sec) 0.04 sec) 0.93 sec) 1.04 sec)
(Building...
(Loading compiled schema /usr/local/share/perl/5.38.2/LaTeXML/resources/RelaxNG/LaTeXML.model... 0.01 sec) 0.13 sec)
(Rewriting... 0.00 sec)
(Math Parsing 12 formulae ...... 0.13 sec)
(Finalizing... 0.01 sec)
Conversion complete: No obvious problems (reqd. 1.44s)
