latexml (LaTeXML version 0.8.8) processing /source/ws4-3-1784507446936.tex
(Digesting TeX ws4-3-1784507446936...
(Loading /usr/local/share/perl/5.38.2/LaTeXML/Package/TeX.pool.ltxml...
(Loading /usr/local/share/perl/5.38.2/LaTeXML/Package/eTeX.pool.ltxml... 0.00 sec)
(Loading /usr/local/share/perl/5.38.2/LaTeXML/Package/pdfTeX.pool.ltxml... 0.01 sec) 0.11 sec)
(Processing content /source/ws4-3-1784507446936.tex...
(Loading /usr/local/share/perl/5.38.2/LaTeXML/Package/LaTeX.pool.ltxml...
(Loading /usr/local/share/perl/5.38.2/LaTeXML/Package/textcomp.sty.ltxml...
(Processing definitions /usr/local/texlive/2026/texmf-dist/tex/latex/base/ts1enc.dfu... 0.02 sec) 0.41 sec) 0.59 sec)
(Loading /usr/local/share/perl/5.38.2/LaTeXML/Package/subfiles.cls.ltxml...
Error:unexpected:subfiles LaTeXML does not implement the subfiles class; at subfiles.cls.ltxml; line 23
(Loading /usr/local/share/perl/5.38.2/LaTeXML/Package/OmniBus.cls.ltxml...
(Loading /usr/local/share/perl/5.38.2/LaTeXML/Package/article.cls.ltxml... 0.01 sec)
(Loading /usr/local/share/perl/5.38.2/LaTeXML/Package/inst_support.sty.ltxml... 0.00 sec)
(Loading /usr/local/share/perl/5.38.2/LaTeXML/Package/epsf.sty.ltxml... 0.01 sec)
(Loading /usr/local/share/perl/5.38.2/LaTeXML/Package/graphicx.sty.ltxml...
(Loading /usr/local/share/perl/5.38.2/LaTeXML/Package/graphics.sty.ltxml... 0.00 sec) 0.01 sec)
(Loading /usr/local/share/perl/5.38.2/LaTeXML/Package/aas_macros.sty.ltxml... 0.01 sec) 0.07 sec) 0.07 sec)
Error:undefined:\setcounterrefbeforedot The token T_CS[\setcounterrefbeforedot] is not defined. at ws4-3-1784507446936.tex; line 3 col 23
Error:undefined:\setcounterrefafterdot The token T_CS[\setcounterrefafterdot] is not defined. at ws4-3-1784507446936.tex; line 4 col 22
Warning:missing_file:solutions Can't find binding for package solutions at ws4-3-1784507446936.tex; line 7 col 0
Error:undefined:\ifSubfilesClassLoaded The token T_CS[\ifSubfilesClassLoaded] is not defined. at ws4-3-1784507446936.tex; line 10 col 22
Error:expected:\fi Missing \fi or \else, conditional fell off end at ws4-3-1784507446936.tex; line 599 col 0
 0.86 sec)
Error:expected:\end{document} Input ended while environment document was open at String; line 2 col 0
Error:expected:\fi Input ended while conditional \ifSubfilesClassLoaded was incomplete at String; line 2 col 0
 0.97 sec)
(Building...
(Loading compiled schema /usr/local/share/perl/5.38.2/LaTeXML/resources/RelaxNG/LaTeXML.model... 0.01 sec) 0.04 sec)
(Rewriting... 0.00 sec)
(Finalizing... 0.00 sec)
Conversion complete: 1 warning; 7 errors; 3 undefined macros[\ifSubfilesClassLoaded, \setcounterrefbeforedot, \setcounterrefafterdot]; 1 missing file[solutions.sty] (See /source/ws4-3-1784507446936.latexml.log) (reqd. 1.12s)
